src/App.tsx(1,1): error TS6133: 'React' is declared but its value is never read.
src/components/layout/Footer.tsx(1,1): error TS6133: 'React' is declared but its value is never read.
src/components/layout/Navbar.tsx(1,1): error TS6133: 'React' is declared but its value is never read.
src/components/layout/Sidebar.tsx(1,1): error TS6133: 'React' is declared but its value is never read.
src/components/marketplace/ProductCard.tsx(1,1): error TS6133: 'React' is declared but its value is never read.
src/components/ui/Modal.tsx(1,1): error TS6133: 'React' is declared but its value is never read.
src/components/ui/Modal.tsx(7,13): error TS2304: Cannot find name 'ReactNode'.
src/components/ui/StatCard.tsx(1,1): error TS6133: 'React' is declared but its value is never read.
src/components/ui/StatCard.tsx(2,1): error TS6133: 'BoxIcon' is declared but its value is never read.
src/components/ui/StatCard.tsx(6,9): error TS2749: 'BoxIcon' refers to a value, but is being used as a type here. Did you mean 'typeof BoxIcon'?
src/index.tsx(2,1): error TS6133: 'React' is declared but its value is never read.
src/pages/About.tsx(1,1): error TS6133: 'React' is declared but its value is never read.
src/pages/auth/ForgotPassword.tsx(3,24): error TS2307: Cannot find module '../../src/components/ui/Button' or its corresponding type declarations.
src/pages/auth/ForgotPassword.tsx(4,23): error TS2307: Cannot find module '../../src/components/ui/Input' or its corresponding type declarations.
src/pages/auth/ForgotPassword.tsx(24,71): error TS7006: Parameter 'e' implicitly has an 'any' type.
src/pages/auth/Login.tsx(5,9): error TS6133: 'navigate' is declared but its value is never read.
src/pages/auth/VerifyEmail.tsx(3,1): error TS6133: 'Eye' is declared but its value is never read.
src/pages/crops/AddCrop.tsx(1,1): error TS6133: 'useState' is declared but its value is never read.
src/pages/crops/CropDetails.tsx(5,1): error TS6192: All imports in import declaration are unused.
src/pages/Dashboard.tsx(2,36): error TS6133: 'TrendingUp' is declared but its value is never read.
src/pages/Landing.tsx(1,8): error TS6133: 'React' is declared but its value is never read.
src/pages/livestock/AddLivestock.tsx(1,1): error TS6133: 'useState' is declared but its value is never read.
src/pages/ml/YieldForecast.tsx(8,84): error TS6133: 'Legend' is declared but its value is never read.
src/pages/Orders.tsx(4,10): error TS6133: 'Package' is declared but its value is never read.
src/pages/Products.tsx(1,1): error TS6133: 'React' is declared but its value is never read.
src/pages/Services.tsx(1,1): error TS6133: 'React' is declared but its value is never read.
src/pages/Settings.tsx(3,1): error TS6133: 'Label' is declared but its value is never read.
src/pages/Settings.tsx(6,31): error TS6133: 'Moon' is declared but its value is never read.
src/utils/api.ts(2,34): error TS2339: Property 'env' does not exist on type 'ImportMeta'.
